// Jest Snapshot v1, https://goo.gl/fbAQLP

exports[`AccessOptionComponent should work 1`] = `
<div
  className="MuiGrid-root MuiGrid-container css-11lq3yg-MuiGrid-root"
  onClick={[MockFunction]}
  style={
    {
      "marginTop": 0,
    }
  }
>
  <div
    className="MuiGrid-root MuiGrid-container MuiGrid-item MuiGrid-grid-xs-8 css-1dxyl14-MuiGrid-root"
  >
    <div
      className="MuiStack-root css-w4z10b-MuiStack-root"
    >
      <svg
        aria-hidden={true}
        className="MuiSvgIcon-root MuiSvgIcon-fontSizeMedium css-i4bv87-MuiSvgIcon-root"
        data-testid="RotateLeftIcon"
        focusable="false"
        viewBox="0 0 24 24"
      >
        <path
          d="M7.11 8.53 5.7 7.11C4.8 8.27 4.24 9.61 4.07 11h2.02c.14-.87.49-1.72 1.02-2.47zM6.09 13H4.07c.17 1.39.72 2.73 1.62 3.89l1.41-1.42c-.52-.75-.87-1.59-1.01-2.47zm1.01 5.32c1.16.9 2.51 1.44 3.9 1.61V17.9c-.87-.15-1.71-.49-2.46-1.03L7.1 18.32zM13 4.07V1L8.45 5.55 13 10V6.09c2.84.48 5 2.94 5 5.91s-2.16 5.43-5 5.91v2.02c3.95-.49 7-3.85 7-7.93s-3.05-7.44-7-7.93z"
        />
      </svg>
      <div
        className="MuiStack-root css-p6dskh-MuiStack-root"
      >
        <span>
          Submitting order
        </span>
        <span
          className="grey"
        >
          Feb 1, 0
        </span>
      </div>
    </div>
  </div>
  <div
    className="MuiGrid-root MuiGrid-item MuiGrid-grid-xs-4 css-gj1fbr-MuiGrid-root"
  >
    <div
      className="MuiStack-root css-9yuikb-MuiStack-root"
    >
      <span>
        - 
        0.00
         
        <span
          className="grey"
        >
          btc
        </span>
      </span>
      <span>
        + 
        0.00
         
        <span
          className="grey"
        >
          eth
        </span>
      </span>
      <span>
        <button
          className="MuiButtonBase-root MuiButton-root MuiButton-text MuiButton-textPrimary MuiButton-sizeMedium MuiButton-textSizeMedium MuiButton-root MuiButton-text MuiButton-textPrimary MuiButton-sizeMedium MuiButton-textSizeMedium css-1e6y48t-MuiButtonBase-root-MuiButton-root"
          disabled={false}
          onBlur={[Function]}
          onClick={[Function]}
          onContextMenu={[Function]}
          onDragLeave={[Function]}
          onFocus={[Function]}
          onKeyDown={[Function]}
          onKeyUp={[Function]}
          onMouseDown={[Function]}
          onMouseLeave={[Function]}
          onMouseUp={[Function]}
          onTouchEnd={[Function]}
          onTouchMove={[Function]}
          onTouchStart={[Function]}
          tabIndex={0}
          type="button"
        >
          Cancel
          <span
            className="MuiTouchRipple-root css-8je8zh-MuiTouchRipple-root"
          />
        </button>
      </span>
    </div>
  </div>
</div>
`;
