// Jest Snapshot v1, https://goo.gl/fbAQLP

exports[`AccountSelector should work 1`] = `
<h1>
  asdf
</h1>
`;
